// Jest Snapshot v1, https://goo.gl/fbAQLP

exports[`Campaign Table Campaign Table display component should not regress 1`] = `
<div>
  <table
    className="campaign-data-tbl"
  >
    <thead>
      <tr>
        <th>
          Name
        </th>
        <th>
          User Name
        </th>
        <th>
          Start Date
        </th>
        <th>
          End Date
        </th>
        <th>
          Active
        </th>
        <th>
          Budget
        </th>
      </tr>
    </thead>
    <tbody>
      <tr>
        <td>
          Divavu
        </td>
        <td>
          Unknown User
        </td>
        <td>
          09/19/2019
        </td>
        <td>
          03/19/2020
        </td>
        <td>
          <div
            className="flex"
          >
            <div
              className="status inactive"
            />
            Inactive
          </div>
        </td>
        <td>
          88.4k
           USD
        </td>
      </tr>
    </tbody>
  </table>
</div>
`;
